// Jest Snapshot v1, https://goo.gl/fbAQLP

exports[`Header logs user out on logout click 1`] = `
<Header
  currentLocation="auth"
  dispatch={[Function]}
  isAuthenticated={true}
  user={
    Object {
      "firstname": "Dave",
      "lastname": "Smith",
    }
  }
>
  <header>
    <NavbarWrapper
      isAuthenticated={true}
      logout={[Function]}
      showAddRecipeModal={[Function]}
      user={
        Object {
          "firstname": "Dave",
          "lastname": "Smith",
        }
      }
    >
      <Navbar
        className="navbar-expand"
        color="faded"
        expand={false}
        id="more-recipes-navbar"
        light={true}
        tag="nav"
      >
        <nav
          className="navbar-expand navbar navbar-light bg-faded"
          id="more-recipes-navbar"
        >
          <Link
            className="navbar-brand"
            replace={false}
            to="/"
          >
            <a
              className="navbar-brand"
              href="/"
              onClick={[Function]}
            >
              MORE RECIPES
            </a>
          </Link>
          <div
            className="collapse navbar-collapse justify-content-between"
            id="navbarNav"
          >
            <Nav
              className="ml-auto"
              navbar={true}
              tag="ul"
              vertical={false}
            >
              <ul
                className="ml-auto navbar-nav"
              >
                <UncontrolledDropdown
                  className="justify-content-start notifications-link"
                  nav={true}
                >
                  <Dropdown
                    className="justify-content-start notifications-link"
                    dropup={false}
                    isOpen={false}
                    nav={true}
                    toggle={[Function]}
                  >
                    <Manager
                      className="justify-content-start notifications-link dropdown nav-item"
                      onKeyDown={[Function]}
                      tag="li"
                    >
                      <li
                        className="justify-content-start notifications-link dropdown nav-item"
                        onKeyDown={[Function]}
                      >
                        <DropdownToggle
                          aria-haspopup={true}
                          color="secondary"
                          nav={true}
                        >
                          <Target
                            aria-expanded={false}
                            aria-haspopup={true}
                            className="nav-link"
                            component="a"
                            href="#"
                            onClick={[Function]}
                          >
                            <a
                              aria-expanded={false}
                              aria-haspopup={true}
                              className="nav-link"
                              href="#"
                              onClick={[Function]}
                            >
                              <FontAwesome
                                name="bell"
                                size="lg"
                              >
                                <span
                                  aria-hidden={true}
                                  className="fa fa-bell fa-lg"
                                />
                              </FontAwesome>
                            </a>
                          </Target>
                        </DropdownToggle>
                        <DropdownMenu
                          flip={true}
                          right={true}
                          tag="div"
                        >
                          <div
                            aria-hidden={true}
                            className="dropdown-menu dropdown-menu-right"
                            role="menu"
                            tabIndex="-1"
                          >
                            <div
                              className="container-fluid"
                            >
                              <p>
                                You have a new review
                              </p>
                              <div
                                className="dropdown-divider"
                              />
                              <p>
                                3 people viewed your recipe
                              </p>
                              <div
                                className="dropdown-divider"
                              />
                              <p>
                                Review your security details
                              </p>
                              <div
                                className="dropdown-divider"
                              />
                              <p>
                                Chef Steve just posted a new recipe
                              </p>
                              <div
                                className="dropdown-divider"
                              />
                              <p>
                                1 person added your recipe to their favorites
                              </p>
                            </div>
                          </div>
                        </DropdownMenu>
                      </li>
                    </Manager>
                  </Dropdown>
                </UncontrolledDropdown>
                <UncontrolledDropdown
                  nav={true}
                >
                  <Dropdown
                    dropup={false}
                    isOpen={false}
                    nav={true}
                    toggle={[Function]}
                  >
                    <Manager
                      className="dropdown nav-item"
                      onKeyDown={[Function]}
                      tag="li"
                    >
                      <li
                        className="dropdown nav-item"
                        onKeyDown={[Function]}
                      >
                        <div
                          className="nav-profile-picture-div rounded-cirle menu-dropdown d-inline"
                        >
                          <DropdownToggle
                            aria-haspopup={true}
                            color="secondary"
                            nav={true}
                          >
                            <Target
                              aria-expanded={false}
                              aria-haspopup={true}
                              className="nav-link"
                              component="a"
                              href="#"
                              onClick={[Function]}
                            >
                              <a
                                aria-expanded={false}
                                aria-haspopup={true}
                                className="nav-link"
                                href="#"
                                onClick={[Function]}
                              >
                                <img
                                  alt="User"
                                  className="rounded-cirle"
                                  src="images/user-image-placeholder.png"
                                />
                              </a>
                            </Target>
                          </DropdownToggle>
                          <DropdownMenu
                            flip={true}
                            right={true}
                            tag="div"
                          >
                            <div
                              aria-hidden={true}
                              className="dropdown-menu dropdown-menu-right"
                              role="menu"
                              tabIndex="-1"
                            >
                              <Link
                                className="dropdown-item"
                                replace={false}
                                to="/undefined"
                              >
                                <a
                                  className="dropdown-item"
                                  href="/undefined"
                                  onClick={[Function]}
                                >
                                  Profile
                                </a>
                              </Link>
                              <Link
                                className="dropdown-item"
                                replace={false}
                                to="/undefined/profile/edit"
                              >
                                <a
                                  className="dropdown-item"
                                  href="/undefined/profile/edit"
                                  onClick={[Function]}
                                >
                                  Edit Profile
                                </a>
                              </Link>
                              <div
                                className="dropdown-divider"
                              />
                              <a
                                className="dropdown-item"
                                href="/login"
                                onClick={[Function]}
                              >
                                Log out
                              </a>
                            </div>
                          </DropdownMenu>
                        </div>
                      </li>
                    </Manager>
                  </Dropdown>
                </UncontrolledDropdown>
                <UncontrolledDropdown
                  nav={true}
                >
                  <Dropdown
                    dropup={false}
                    isOpen={false}
                    nav={true}
                    toggle={[Function]}
                  >
                    <Manager
                      className="dropdown nav-item"
                      onKeyDown={[Function]}
                      tag="li"
                    >
                      <li
                        className="dropdown nav-item"
                        onKeyDown={[Function]}
                      >
                        <DropdownToggle
                          aria-haspopup={true}
                          className="menu-dropdown"
                          color="secondary"
                          nav={true}
                        >
                          <Target
                            aria-expanded={false}
                            aria-haspopup={true}
                            className="menu-dropdown nav-link"
                            component="a"
                            href="#"
                            onClick={[Function]}
                          >
                            <a
                              aria-expanded={false}
                              aria-haspopup={true}
                              className="menu-dropdown nav-link"
                              href="#"
                              onClick={[Function]}
                            >
                              <FontAwesome
                                name="reorder"
                                size="lg"
                              >
                                <span
                                  aria-hidden={true}
                                  className="fa fa-reorder fa-lg"
                                />
                              </FontAwesome>
                            </a>
                          </Target>
                        </DropdownToggle>
                        <DropdownMenu
                          flip={true}
                          right={true}
                          tag="div"
                        >
                          <div
                            aria-hidden={true}
                            className="dropdown-menu dropdown-menu-right"
                            role="menu"
                            tabIndex="-1"
                          >
                            <a
                              className="dropdown-item add-recipe"
                              href="#add-edit-modal"
                              onClick={[Function]}
                              title="New Recipe"
                            >
                              Add a Recipe
                            </a>
                            <Link
                              className="dropdown-item"
                              replace={false}
                              to="/"
                            >
                              <a
                                className="dropdown-item"
                                href="/"
                                onClick={[Function]}
                              >
                                Top Recipes
                              </a>
                            </Link>
                            <a
                              className="dropdown-item"
                              href="#favorite-recipes"
                              title="favorite-recipes"
                            >
                              Favorite Recipes
                            </a>
                          </div>
                        </DropdownMenu>
                      </li>
                    </Manager>
                  </Dropdown>
                </UncontrolledDropdown>
              </ul>
            </Nav>
          </div>
        </nav>
      </Navbar>
    </NavbarWrapper>
  </header>
</Header>
`;

exports[`Header renders correctly 1`] = `
<header>
  <NavbarWrapper
    isAuthenticated={false}
    logout={[Function]}
    showAddRecipeModal={[Function]}
    user={
      Object {
        "firstname": "Dave",
        "lastname": "Smith",
      }
    }
  />
</header>
`;
