// Jest Snapshot v1, https://goo.gl/fbAQLP

exports[`SingleRecipeItem renders correctly 1`] = `
<div
  className="container page-margin"
  id="recipe-wrapper"
>
  <div
    className="recipe-picture-wrapper"
  >
    <div
      className="image-container"
    >
      <img
        alt="recipe"
        className="img-fluid"
      />
    </div>
  </div>
  <div
    className="row px-xs-1 px-sm-2 px-md-2 px-lg-4 px-xl-5"
    id="recipe-details"
  >
    <div
      className="col-12 px-xl-5 px-lg-5 px-md-5 px-sm-4 px-xs-3"
    >
      <div
        className="heading p-5 text-center"
      >
        <h3>
          Recipe
        </h3>
      </div>
      <div
        className="row"
        id="recipe-rating"
      >
        <div
          className="col-xs-12 col-md-6 col-lg-4 pt-3 pb-1"
        >
          <p
            className="user-info"
          >
            <span
              className="text-muted"
            >
              Posted By 
            </span>
            name
          </p>
        </div>
        <div
          className="col-xs-12 col-md-6 col-lg-8 pt-3 pb-1"
          id="recipe-rating-info"
        >
          <p
            className="text-muted inline-p"
          >
            <i
              className="aria-hidden fa fa-star"
            />
             
            NaN
                
          </p>
          <p
            className="text-muted inline-p"
          >
            <i
              className="aria-hidden fa fa-heart"
            />
             
               
          </p>
          <p
            className="text-muted inline-p"
          >
            <i
              className="text-success aria-hidden fa fa-eye"
            />
             
               
          </p>
          <p
            className="text-muted inline-p"
          >
            <i
              className="aria-hidden fa fa-thumbs-down"
            />
             
                
          </p>
        </div>
      </div>
      <RecipeDetailsSection
        recipe={
          Object {
            "User": Object {
              "id": 1,
              "username": "name",
            },
            "directions": Array [
              "wash",
              "cook",
            ],
            "id": 2,
            "ingredients": Array [
              "rice",
              "beans",
            ],
            "isReviewed": false,
            "preparations": Array [
              "wash",
              "cook",
            ],
            "recipeName": "Recipe",
            "userId": 1,
          }
        }
      />
      <div
        className="d-flex pt-5 pb-1 align-items-center"
        id="call-to-action"
      >
        <RenderIcon
          handleClick={[Function]}
          icon="star"
          recipe={
            Object {
              "recipeItem": Object {
                "User": Object {
                  "id": 1,
                  "username": "name",
                },
                "directions": Array [
                  "wash",
                  "cook",
                ],
                "id": 2,
                "ingredients": Array [
                  "rice",
                  "beans",
                ],
                "isReviewed": false,
                "preparations": Array [
                  "wash",
                  "cook",
                ],
                "recipeName": "Recipe",
                "userId": 1,
              },
            }
          }
          reviewed={false}
          type="review"
        />
        <RenderIcon
          handleClick={[Function]}
          icon="heart"
          recipe={
            Object {
              "recipeItem": Object {
                "User": Object {
                  "id": 1,
                  "username": "name",
                },
                "directions": Array [
                  "wash",
                  "cook",
                ],
                "id": 2,
                "ingredients": Array [
                  "rice",
                  "beans",
                ],
                "isReviewed": false,
                "preparations": Array [
                  "wash",
                  "cook",
                ],
                "recipeName": "Recipe",
                "userId": 1,
              },
            }
          }
          reviewed={false}
          type="favorite"
        />
        <RenderVoteIcon
          boolCheck={true}
          handleClick={[Function]}
          recipe={
            Object {
              "recipeItem": Object {
                "User": Object {
                  "id": 1,
                  "username": "name",
                },
                "directions": Array [
                  "wash",
                  "cook",
                ],
                "id": 2,
                "ingredients": Array [
                  "rice",
                  "beans",
                ],
                "isReviewed": false,
                "preparations": Array [
                  "wash",
                  "cook",
                ],
                "recipeName": "Recipe",
                "userId": 1,
              },
            }
          }
          type="up"
        />
        <RenderVoteIcon
          boolCheck={false}
          handleClick={[Function]}
          recipe={
            Object {
              "recipeItem": Object {
                "User": Object {
                  "id": 1,
                  "username": "name",
                },
                "directions": Array [
                  "wash",
                  "cook",
                ],
                "id": 2,
                "ingredients": Array [
                  "rice",
                  "beans",
                ],
                "isReviewed": false,
                "preparations": Array [
                  "wash",
                  "cook",
                ],
                "recipeName": "Recipe",
                "userId": 1,
              },
            }
          }
          type="down"
        />
      </div>
      <Connect(AddReview)
        id={2}
      />
      <Connect(Reviews)
        recipeId={2}
      />
    </div>
  </div>
</div>
`;
