// Jest Snapshot v1, https://goo.gl/fbAQLP

exports[`Home: Hero renders correctly 1`] = `
<div
  className="container-fluid"
  id="hero-image"
>
  <div
    className="row mx-auto"
    id="hero-image-text"
  >
    <div
      className="col align-self-center"
    >
      <div
        className="row justify-content-center align-items-center mb-3"
      >
        <div
          className="col-12"
        >
          <h3>
            Search for a Recipe
          </h3>
        </div>
        <div
          className="col-8 py-4"
        >
          <SearchForm
            handleSearch={[Function]}
            handleSearchInput={[Function]}
            searchValue=""
            size="lg"
          />
        </div>
      </div>
      <AddRecipeBtn
        handleClick={[Function]}
      />
    </div>
  </div>
</div>
`;
