// Jest Snapshot v1, https://goo.gl/fbAQLP

exports[`Home renders correctly 1`] = `
<Home
  dispatch={[Function]}
  isFetching={false}
  metadata={
    Object {
      "firstPage": 1,
      "itemsPerPage": 5,
      "lastPage": 3,
      "page": 2,
      "pages": Array [
        1,
        2,
        3,
      ],
      "totalCount": 13,
    }
  }
  recipes={
    Array [
      Object {
        "User": "Me",
        "id": 1,
        "recipeName": "Rice",
      },
      Object {
        "User": "She",
        "id": 5,
        "recipeName": "Beans",
      },
    ]
  }
/>
`;

exports[`Home renders correctly when fully mounted 1`] = `
<Home
  dispatch={[Function]}
  isFetching={false}
  metadata={
    Object {
      "firstPage": 1,
      "itemsPerPage": 5,
      "lastPage": 3,
      "page": 2,
      "pages": Array [
        1,
        2,
        3,
      ],
      "totalCount": 13,
    }
  }
  recipes={
    Array [
      Object {
        "User": "Me",
        "id": 1,
        "recipeName": "Rice",
      },
      Object {
        "User": "She",
        "id": 5,
        "recipeName": "Beans",
      },
    ]
  }
>
  <div
    className="home"
  >
    <Hero
      dispatch={[Function]}
      handleSearch={[Function]}
      handleSearchInput={[Function]}
      searchValue=""
    >
      <div
        className="container-fluid"
        id="hero-image"
      >
        <div
          className="row mx-auto"
          id="hero-image-text"
        >
          <div
            className="col align-self-center"
          >
            <div
              className="row justify-content-center align-items-center mb-3"
            >
              <div
                className="col-12"
              >
                <h3>
                  Search for a Recipe
                </h3>
              </div>
              <div
                className="col-8 py-4"
              >
                <SearchForm
                  handleSearch={[Function]}
                  handleSearchInput={[Function]}
                  searchValue=""
                  size="lg"
                >
                  <Form
                    id="search-form"
                    onSubmit={[Function]}
                    tag="form"
                  >
                    <form
                      className=""
                      id="search-form"
                      onSubmit={[Function]}
                    >
                      <InputGroup
                        size="lg"
                        tag="div"
                      >
                        <div
                          className="input-group input-group-lg"
                        >
                          <Label
                            className="sr-only"
                            for="search"
                            tag="label"
                            widths={
                              Array [
                                "xs",
                                "sm",
                                "md",
                                "lg",
                                "xl",
                              ]
                            }
                          >
                            <label
                              className="sr-only  form-control-label"
                              htmlFor="search"
                            >
                              Search for Recipes
                            </label>
                          </Label>
                          <Input
                            id="search"
                            onChange={[Function]}
                            placeholder="Curried Chicken Gravy..."
                            tag="p"
                            type="text"
                            value=""
                          >
                            <input
                              className="form-control"
                              id="search"
                              onChange={[Function]}
                              placeholder="Curried Chicken Gravy..."
                              type="text"
                              value=""
                            />
                          </Input>
                          <InputGroupButton
                            tag="div"
                          >
                            <div
                              className="input-group-btn"
                            >
                              <Button
                                className="search-btn"
                                color="secondary"
                                tag="button"
                                type="submit"
                              >
                                <button
                                  className="search-btn btn btn-secondary"
                                  onClick={[Function]}
                                  type="submit"
                                >
                                  <FontAwesome
                                    name="search"
                                  >
                                    <span
                                      aria-hidden={true}
                                      className="fa fa-search"
                                    />
                                  </FontAwesome>
                                </button>
                              </Button>
                            </div>
                          </InputGroupButton>
                        </div>
                      </InputGroup>
                    </form>
                  </Form>
                </SearchForm>
              </div>
            </div>
            <Button
              className="btn-default btn-lg"
              color="secondary"
              id="home-add-recipe-btn"
              onClick={[Function]}
              tag="button"
              title="New Recipe"
            >
              <button
                className="btn-default btn-lg btn btn-secondary"
                id="home-add-recipe-btn"
                onClick={[Function]}
                title="New Recipe"
                type="button"
              >
                Add a New Recipe
              </button>
            </Button>
          </div>
        </div>
      </div>
    </Hero>
    <RecipeItems
      handlePageChange={[Function]}
      metadata={
        Object {
          "firstPage": 1,
          "itemsPerPage": 5,
          "lastPage": 3,
          "page": 2,
          "pages": Array [
            1,
            2,
            3,
          ],
          "totalCount": 13,
        }
      }
      recipes={
        Array [
          Object {
            "User": "Me",
            "id": 1,
            "recipeName": "Rice",
          },
          Object {
            "User": "She",
            "id": 5,
            "recipeName": "Beans",
          },
        ]
      }
      title="TOP RECIPES"
    >
      <div
        className="container-fluid pb-5 background-grey page-margin"
        id="search-result-wrapper"
      >
        <div
          className="heading pt-4 text-center"
          id="search-result-heading"
        >
          <div
            className="col-xs-12 col-md-12 pt-3"
            id="title"
          >
            <h5>
              TOP RECIPES
            </h5>
          </div>
        </div>
        <hr />
        <div
          className="row pt-2 px-2 px-sm-3 px-md-4 px-lg-5 px-xl-5"
          id="search-result"
        >
          <RecipeCard
            key="1"
            recipe={
              Object {
                "User": "Me",
                "id": 1,
                "recipeName": "Rice",
              }
            }
          >
            <div
              className="col-xs-12 col-sm-6 col-md-4 col-lg-3 mt-4 recipe-card"
            >
              <Card
                tag="div"
              >
                <div
                  className="card"
                >
                  <Link
                    replace={false}
                    to="/recipes/1"
                  >
                    <a
                      href="/recipes/1"
                      onClick={[Function]}
                    >
                      <CardHeader
                        className="py-2"
                        tag="div"
                      >
                        <div
                          className="py-2 card-header"
                        >
                          <CardText
                            className="d-inline"
                            tag="p"
                          >
                            <p
                              className="d-inline card-text"
                            >
                              <small>
                                @
                              </small>
                            </p>
                          </CardText>
                          <CardText
                            className="d-inline float-right"
                            tag="p"
                          >
                            <p
                              className="d-inline float-right card-text"
                            >
                              <small
                                className="text-muted"
                              >
                                <FontAwesome
                                  name="heart"
                                >
                                  <span
                                    aria-hidden={true}
                                    className="fa fa-heart"
                                  />
                                </FontAwesome>
                                 
                              </small>
                            </p>
                          </CardText>
                        </div>
                      </CardHeader>
                      <Card
                        className="m-0 p-0 card-image"
                        tag="div"
                      >
                        <div
                          className="m-0 p-0 card-image card"
                        >
                          <CardImg
                            alt="recipe"
                            bottom={true}
                            className="img-fluid"
                            src="images/jollof-rice-img.jpg"
                            tag="img"
                            width="100%"
                          >
                            <img
                              alt="recipe"
                              className="img-fluid card-img-bottom"
                              src="images/jollof-rice-img.jpg"
                              width="100%"
                            />
                          </CardImg>
                          <CardImgOverlay
                            className="text-center card-image-overlay text-white px-2 recipe-rating"
                            tag="div"
                          >
                            <div
                              className="text-center card-image-overlay text-white px-2 recipe-rating card-img-overlay"
                            >
                              <h5
                                className="mb-1 pt-3"
                              >
                                Rice
                              </h5>
                            </div>
                          </CardImgOverlay>
                        </div>
                      </Card>
                    </a>
                  </Link>
                </div>
              </Card>
            </div>
          </RecipeCard>
          <RecipeCard
            key="5"
            recipe={
              Object {
                "User": "She",
                "id": 5,
                "recipeName": "Beans",
              }
            }
          >
            <div
              className="col-xs-12 col-sm-6 col-md-4 col-lg-3 mt-4 recipe-card"
            >
              <Card
                tag="div"
              >
                <div
                  className="card"
                >
                  <Link
                    replace={false}
                    to="/recipes/5"
                  >
                    <a
                      href="/recipes/5"
                      onClick={[Function]}
                    >
                      <CardHeader
                        className="py-2"
                        tag="div"
                      >
                        <div
                          className="py-2 card-header"
                        >
                          <CardText
                            className="d-inline"
                            tag="p"
                          >
                            <p
                              className="d-inline card-text"
                            >
                              <small>
                                @
                              </small>
                            </p>
                          </CardText>
                          <CardText
                            className="d-inline float-right"
                            tag="p"
                          >
                            <p
                              className="d-inline float-right card-text"
                            >
                              <small
                                className="text-muted"
                              >
                                <FontAwesome
                                  name="heart"
                                >
                                  <span
                                    aria-hidden={true}
                                    className="fa fa-heart"
                                  />
                                </FontAwesome>
                                 
                              </small>
                            </p>
                          </CardText>
                        </div>
                      </CardHeader>
                      <Card
                        className="m-0 p-0 card-image"
                        tag="div"
                      >
                        <div
                          className="m-0 p-0 card-image card"
                        >
                          <CardImg
                            alt="recipe"
                            bottom={true}
                            className="img-fluid"
                            src="images/jollof-rice-img.jpg"
                            tag="img"
                            width="100%"
                          >
                            <img
                              alt="recipe"
                              className="img-fluid card-img-bottom"
                              src="images/jollof-rice-img.jpg"
                              width="100%"
                            />
                          </CardImg>
                          <CardImgOverlay
                            className="text-center card-image-overlay text-white px-2 recipe-rating"
                            tag="div"
                          >
                            <div
                              className="text-center card-image-overlay text-white px-2 recipe-rating card-img-overlay"
                            >
                              <h5
                                className="mb-1 pt-3"
                              >
                                Beans
                              </h5>
                            </div>
                          </CardImgOverlay>
                        </div>
                      </Card>
                    </a>
                  </Link>
                </div>
              </Card>
            </div>
          </RecipeCard>
        </div>
        <Pagination
          items={
            Array [
              Object {
                "User": "Me",
                "id": 1,
                "recipeName": "Rice",
              },
              Object {
                "User": "She",
                "id": 5,
                "recipeName": "Beans",
              },
            ]
          }
          metadata={
            Object {
              "firstPage": 1,
              "itemsPerPage": 5,
              "lastPage": 3,
              "page": 2,
              "pages": Array [
                1,
                2,
                3,
              ],
              "totalCount": 13,
            }
          }
          onPageChange={[Function]}
        >
          <div
            className="mt-5"
          >
            <nav
              aria-label="Page navigation"
            >
              <Pagination
                className="justify-content-center"
                tag="ul"
              >
                <ul
                  className="justify-content-center pagination"
                >
                  <PaginationItem
                    className=""
                    tag="li"
                  >
                    <li
                      className="page-item"
                    >
                      <PaginationLink
                        onClick={[Function]}
                        tag="a"
                      >
                        <a
                          className="page-link"
                          onClick={[Function]}
                        >
                          First
                        </a>
                      </PaginationLink>
                    </li>
                  </PaginationItem>
                  <PaginationItem
                    className=""
                    tag="li"
                  >
                    <li
                      className="page-item"
                    >
                      <PaginationLink
                        onClick={[Function]}
                        tag="a"
                      >
                        <a
                          className="page-link"
                          onClick={[Function]}
                        >
                          <span
                            aria-hidden="true"
                          >
                            «
                          </span>
                          <span
                            className="sr-only"
                          >
                            Previous
                          </span>
                        </a>
                      </PaginationLink>
                    </li>
                  </PaginationItem>
                  <PaginationItem
                    className=""
                    key="1"
                    tag="li"
                  >
                    <li
                      className="page-item"
                    >
                      <PaginationLink
                        onClick={[Function]}
                        tag="a"
                      >
                        <a
                          className="page-link"
                          onClick={[Function]}
                        >
                          1
                        </a>
                      </PaginationLink>
                    </li>
                  </PaginationItem>
                  <PaginationItem
                    className="active"
                    key="2"
                    tag="li"
                  >
                    <li
                      className="active page-item"
                    >
                      <PaginationLink
                        onClick={[Function]}
                        tag="a"
                      >
                        <a
                          className="page-link"
                          onClick={[Function]}
                        >
                          2
                        </a>
                      </PaginationLink>
                    </li>
                  </PaginationItem>
                  <PaginationItem
                    className=""
                    key="3"
                    tag="li"
                  >
                    <li
                      className="page-item"
                    >
                      <PaginationLink
                        onClick={[Function]}
                        tag="a"
                      >
                        <a
                          className="page-link"
                          onClick={[Function]}
                        >
                          3
                        </a>
                      </PaginationLink>
                    </li>
                  </PaginationItem>
                  <PaginationItem
                    className=""
                    tag="li"
                  >
                    <li
                      className="page-item"
                    >
                      <PaginationLink
                        onClick={[Function]}
                        tag="a"
                      >
                        <a
                          className="page-link"
                          onClick={[Function]}
                        >
                          <span
                            aria-hidden="true"
                          >
                            »
                          </span>
                          <span
                            className="sr-only"
                          >
                            Next
                          </span>
                        </a>
                      </PaginationLink>
                    </li>
                  </PaginationItem>
                  <PaginationItem
                    className=""
                    tag="li"
                  >
                    <li
                      className="page-item"
                    >
                      <PaginationLink
                        onClick={[Function]}
                        tag="a"
                      >
                        <a
                          className="page-link"
                          onClick={[Function]}
                        >
                          Last
                        </a>
                      </PaginationLink>
                    </li>
                  </PaginationItem>
                </ul>
              </Pagination>
            </nav>
          </div>
        </Pagination>
      </div>
    </RecipeItems>
  </div>
</Home>
`;
