// Jest Snapshot v1, https://goo.gl/fbAQLP

exports[`Header logs user out on logout click 1`] = `
<Header
  currentLocation="auth"
  dispatch={[Function]}
  isAuthenticated={true}
>
  <header>
    <NavbarWrapper
      isAuthenticated={true}
      logout={[Function]}
      type="auth"
    >
      <Navbar
        className="navbar-expand"
        color="faded"
        expand={false}
        id="more-recipes-navbar"
        light={true}
        tag="nav"
      >
        <nav
          className="navbar-expand navbar navbar-light bg-faded"
          id="more-recipes-navbar"
        >
          <NavLink
            activeClassName="active"
            ariaCurrent="true"
            className="navbar-brand"
            to="/"
          >
            <Route
              path="/"
            >
              <Link
                aria-current="true"
                className="navbar-brand active"
                replace={false}
                style={Object {}}
                to="/"
              >
                <a
                  aria-current="true"
                  className="navbar-brand active"
                  href="/"
                  onClick={[Function]}
                  style={Object {}}
                >
                  MORE RECIPES
                </a>
              </Link>
            </Route>
          </NavLink>
          <div
            className="collapse navbar-collapse justify-content-between"
            id="navbarNav"
          >
            <Nav
              className="ml-auto"
              navbar={true}
              tag="ul"
              vertical={false}
            >
              <ul
                className="ml-auto navbar-nav"
              >
                <NavItem
                  tag="li"
                >
                  <li
                    className="nav-item"
                  >
                    <NavLink
                      activeClassName="active"
                      ariaCurrent="true"
                      className="nav-link"
                      to="/"
                    >
                      <Route
                        path="/"
                      >
                        <Link
                          aria-current="true"
                          className="nav-link active"
                          replace={false}
                          style={Object {}}
                          to="/"
                        >
                          <a
                            aria-current="true"
                            className="nav-link active"
                            href="/"
                            onClick={[Function]}
                            style={Object {}}
                          >
                            <FontAwesome
                              name="home"
                            >
                              <span
                                aria-hidden={true}
                                className="fa fa-home"
                              />
                            </FontAwesome>
                          </a>
                        </Link>
                      </Route>
                    </NavLink>
                  </li>
                </NavItem>
                <UncontrolledDropdown
                  className="justify-content-start notifications-link"
                  nav={true}
                >
                  <Dropdown
                    className="justify-content-start notifications-link"
                    dropup={false}
                    isOpen={false}
                    nav={true}
                    toggle={[Function]}
                  >
                    <Manager
                      className="justify-content-start notifications-link dropdown nav-item"
                      onKeyDown={[Function]}
                      tag="li"
                    >
                      <li
                        className="justify-content-start notifications-link dropdown nav-item"
                        onKeyDown={[Function]}
                      >
                        <DropdownToggle
                          aria-haspopup={true}
                          color="secondary"
                          nav={true}
                        >
                          <Target
                            aria-expanded={false}
                            aria-haspopup={true}
                            className="nav-link"
                            component="a"
                            href="#"
                            onClick={[Function]}
                          >
                            <a
                              aria-expanded={false}
                              aria-haspopup={true}
                              className="nav-link"
                              href="#"
                              onClick={[Function]}
                            >
                              <FontAwesome
                                name="bell"
                                size="lg"
                              >
                                <span
                                  aria-hidden={true}
                                  className="fa fa-bell fa-lg"
                                />
                              </FontAwesome>
                            </a>
                          </Target>
                        </DropdownToggle>
                        <DropdownMenu
                          flip={true}
                          right={true}
                          tag="div"
                        >
                          <div
                            aria-hidden={true}
                            className="dropdown-menu dropdown-menu-right"
                            role="menu"
                            tabIndex="-1"
                          >
                            <div
                              className="container-fluid"
                            >
                              <p>
                                You have a new review
                              </p>
                              <div
                                className="dropdown-divider"
                              />
                              <p>
                                3 people viewed your recipe
                              </p>
                              <div
                                className="dropdown-divider"
                              />
                              <p>
                                Review your security details
                              </p>
                              <div
                                className="dropdown-divider"
                              />
                              <p>
                                Chef Steve just posted a new recipe
                              </p>
                              <div
                                className="dropdown-divider"
                              />
                              <p>
                                1 person added your recipe to their favorites
                              </p>
                            </div>
                          </div>
                        </DropdownMenu>
                      </li>
                    </Manager>
                  </Dropdown>
                </UncontrolledDropdown>
                <UncontrolledDropdown
                  nav={true}
                >
                  <Dropdown
                    dropup={false}
                    isOpen={false}
                    nav={true}
                    toggle={[Function]}
                  >
                    <Manager
                      className="dropdown nav-item"
                      onKeyDown={[Function]}
                      tag="li"
                    >
                      <li
                        className="dropdown nav-item"
                        onKeyDown={[Function]}
                      >
                        <div
                          className="nav-profile-picture-div rounded-cirle menu-dropdown d-inline"
                        >
                          <DropdownToggle
                            aria-haspopup={true}
                            color="secondary"
                            nav={true}
                          >
                            <Target
                              aria-expanded={false}
                              aria-haspopup={true}
                              className="nav-link"
                              component="a"
                              href="#"
                              onClick={[Function]}
                            >
                              <a
                                aria-expanded={false}
                                aria-haspopup={true}
                                className="nav-link"
                                href="#"
                                onClick={[Function]}
                              >
                                <img
                                  alt="User"
                                  className="rounded-cirle"
                                  src="images/profile/user1.jpg"
                                />
                                 Jane
                              </a>
                            </Target>
                          </DropdownToggle>
                          <DropdownMenu
                            flip={true}
                            right={true}
                            tag="div"
                          >
                            <div
                              aria-hidden={true}
                              className="dropdown-menu dropdown-menu-right"
                              role="menu"
                              tabIndex="-1"
                            >
                              <a
                                className="dropdown-item"
                                href="user-profile.html"
                              >
                                Profile
                              </a>
                              <a
                                className="dropdown-item"
                              >
                                Edit Profile
                              </a>
                              <div
                                className="dropdown-divider"
                              />
                              <a
                                className="dropdown-item"
                                href="user-profile.html"
                              >
                                My Recipes
                              </a>
                              <div
                                className="dropdown-divider"
                              />
                              <a
                                className="dropdown-item"
                              >
                                Settings
                              </a>
                              <div
                                className="dropdown-divider"
                              />
                              <a
                                className="dropdown-item"
                                href="/login"
                                onClick={[Function]}
                              >
                                Log out
                              </a>
                            </div>
                          </DropdownMenu>
                        </div>
                      </li>
                    </Manager>
                  </Dropdown>
                </UncontrolledDropdown>
                <UncontrolledDropdown
                  nav={true}
                >
                  <Dropdown
                    dropup={false}
                    isOpen={false}
                    nav={true}
                    toggle={[Function]}
                  >
                    <Manager
                      className="dropdown nav-item"
                      onKeyDown={[Function]}
                      tag="li"
                    >
                      <li
                        className="dropdown nav-item"
                        onKeyDown={[Function]}
                      >
                        <DropdownToggle
                          aria-haspopup={true}
                          className="menu-dropdown"
                          color="secondary"
                          nav={true}
                        >
                          <Target
                            aria-expanded={false}
                            aria-haspopup={true}
                            className="menu-dropdown nav-link"
                            component="a"
                            href="#"
                            onClick={[Function]}
                          >
                            <a
                              aria-expanded={false}
                              aria-haspopup={true}
                              className="menu-dropdown nav-link"
                              href="#"
                              onClick={[Function]}
                            >
                              <FontAwesome
                                name="reorder"
                                size="lg"
                              >
                                <span
                                  aria-hidden={true}
                                  className="fa fa-reorder fa-lg"
                                />
                              </FontAwesome>
                            </a>
                          </Target>
                        </DropdownToggle>
                        <DropdownMenu
                          flip={true}
                          right={true}
                          tag="div"
                        >
                          <div
                            aria-hidden={true}
                            className="dropdown-menu dropdown-menu-right"
                            role="menu"
                            tabIndex="-1"
                          >
                            <a
                              className="dropdown-item add-recipe"
                              data-toggle="modal"
                              href="#add-edit-modal"
                              title="New Recipe"
                            >
                              Add a Recipe
                            </a>
                            <a
                              className="dropdown-item"
                              href="search-recipes-user.html"
                            >
                              All Recipes
                            </a>
                            <a
                              className="dropdown-item get-favorites"
                              href="user-profile.html"
                            >
                              Favorite Recipes
                            </a>
                            <a
                              className="dropdown-item"
                              href="top-recipes-user.html"
                            >
                              Top Recipes
                            </a>
                          </div>
                        </DropdownMenu>
                      </li>
                    </Manager>
                  </Dropdown>
                </UncontrolledDropdown>
              </ul>
            </Nav>
          </div>
        </nav>
      </Navbar>
    </NavbarWrapper>
  </header>
</Header>
`;

exports[`Header renders correctly 1`] = `
<header>
  <NavbarWrapper
    isAuthenticated={false}
    logout={[Function]}
    type="auth"
  />
</header>
`;
