// Jest Snapshot v1, https://goo.gl/fbAQLP

exports[`ProfilePic renders correctly 1`] = `
<div
  className="col-5 col-md-4 profile-picture align-self-center"
>
  <img
    alt="profile"
    className="d-block d-md-inline rounded-circle img-fluid img-thumbnail user-img align-middle"
    src="/images/user-image-placeholder.png"
    style={
      Object {
        "opacity": 1,
      }
    }
  />
     
  <div
    className="d-block d-md-inline-block align-middle"
  >
    <a
      href="#profile-photo"
      onClick={[Function]}
    >
      Change Picture
    </a>
  </div>
  <input
    accept="image/gif, image/jpeg, image/png"
    onChange={[Function]}
    style={
      Object {
        "display": "none",
      }
    }
    type="file"
  />
</div>
`;
