// Jest Snapshot v1, https://goo.gl/fbAQLP

exports[`PreLoader renders correctly 1`] = `
<PreLoader>
  <Loader
    active={true}
    type="ball-scale-multiple"
  >
    <div
      className="loader loader-undefined loader-active"
    >
      <div
        className="loader-inner ball-scale-multiple"
      >
        <div
          key="0"
          style={Object {}}
        />
        <div
          key="1"
          style={Object {}}
        />
        <div
          key="2"
          style={Object {}}
        />
      </div>
    </div>
  </Loader>
</PreLoader>
`;
