// Jest Snapshot v1, https://goo.gl/fbAQLP

exports[`RecipeCard renders correctly 1`] = `
<div
  className="col-xs-12 col-sm-6 col-md-4 col-lg-3 mt-4 recipe-card"
>
  <Card
    tag="div"
  >
    <Link
      replace={false}
      to="/recipes/8"
    >
      <CardHeader
        className="py-2"
        tag="div"
      >
        <CardText
          className="d-inline"
          tag="p"
        >
          <small>
            @
            westsouth
          </small>
        </CardText>
        <CardText
          className="d-inline float-right"
          tag="p"
        >
          <small
            className="text-muted"
          >
            <FontAwesome
              name="heart"
            />
             
            150
          </small>
        </CardText>
      </CardHeader>
      <Card
        className="m-0 p-0 card-image"
        tag="div"
      >
        <CardImg
          alt="recipe"
          bottom={true}
          className="img-fluid"
          src="images/jollof-rice-img.jpg"
          tag="img"
          width="100%"
        />
        <CardImgOverlay
          className="text-center card-image-overlay text-white px-2 recipe-rating"
          tag="div"
        >
          <h5
            className="mb-1 pt-3"
          >
            Chicken Pie
          </h5>
        </CardImgOverlay>
      </Card>
    </Link>
  </Card>
</div>
`;
