// Jest Snapshot v1, https://goo.gl/fbAQLP

exports[`SingleRecipe renders correctly 1`] = `
<div>
  <UNDEFINED>
    <div
      className="view-recipe"
    >
      <SingleRecipeItem
        addRecipeToFavorites={[Function]}
        error={null}
        recipe={
          Object {
            "recipeItem": Object {
              "User": Object {
                "id": 1,
                "username": "name",
              },
              "directions": Array [
                "wash",
                "cook",
              ],
              "id": 2,
              "ingredients": Array [
                "rice",
                "beans",
              ],
              "isReviewed": false,
              "preparations": Array [
                "wash",
                "cook",
              ],
              "recipeName": "Recipe",
              "userId": 1,
            },
          }
        }
        reviewed={false}
        toggleReviewForm={[Function]}
        user={
          Object {
            "id": 2,
            "username": "username",
          }
        }
        voteRecipe={[Function]}
      />
    </div>
  </UNDEFINED>
</div>
`;
